#max_provinces = 1466
definitions = "definition.csv"
provinces = "provinces.png"
#positions = "positions.txt"
rivers = "rivers.png"
#terrain_definition = "terrain.txt"
topology = "heightmap.heightmap"
#tree_definition = "trees.bmp"
continent = "continent.txt"
adjacencies = "adjacencies.csv"
#climate = "climate.txt"
island_region = "island_region.txt"
seasons = "seasons.txt"

#############
# SEA ZONES
#############

sea_zones = LIST { 0 }
sea_zones = RANGE { 426 447 }
sea_zones = RANGE { 883 886 }

###############
# MAJOR RIVERS
###############

########
# LAKES
########

# HELLAS
lakes = LIST { 119 136 143 144 }

# THESSALIA
lakes = LIST { 173 184 }

# EPEIROS
lakes = LIST { 260 262 263 }

# MAKEDONIA
lakes = LIST { 289 302 316 317 339 340 345 346 378 }

# PROPONTIS
lakes = LIST { 488 }

# MYSIA
lakes = LIST { 705 706 771 792 }

# LYKIA
lakes = LIST { 665 }

# KARIA
lakes = LIST { 602 }

#####################
# IMPASSABLE TERRAIN
#####################
# Can be colored by whoever owns the most of the province's neighbours.
# Blocks unit movement.

# PELOPONNESOS
impassable_mountains = LIST { 15 16 48 49 62 63 831 832 833 }
impassable_mountains = LIST { 47 }

# HELLAS
impassable_mountains = LIST { 109 118 159 165 166 489 490 491 496 497 632 839 840 841 858 }

# PINDUS MOUNTAINS
impassable_mountains = LIST { 126 502 503 }

# THESSALIA
impassable_mountains = LIST { 216 217 498 869 870 874 876 877 878 880 }

# EPEIROS
impassable_mountains = LIST { 232 233 240 241 242 254 255 256 257 258 259 261 269 270 271 272 273 871 873 }

# MAKEDONIA
impassable_mountains = LIST { 288 290 291 300 301 318 328 329 330 331 332 376 377 379 844 845 855 891 892 893 894 895 896 }

# KRETA
impassable_mountains = LIST { 405 416 425 }

# PROPONTIS
impassable_mountains = LIST { 448 449 450 451 }

# MYSIA
impassable_mountains = LIST { 525 542 543 544 545 702 703 704 737 738 739 755 761 787 788 789 790 791 812 813 }

# LYDIA
impassable_mountains = LIST { 565 566 567 568 569 633 634 635 636 637 638 639 640 }

# KARIA
impassable_mountains = LIST { 599 600 601 624 625 626 627 628 629 630 }

# THRACE
impassable_mountains = LIST { 911 941 942 943 944 945 946 982 983 984 985 }

# RHODOPE
impassable_mountains = LIST { 1040 1046 1047 1048 1054 1055 1056 1068 1077 1096 1097 1098 }

# ILLYRIA
impassable_mountains = LISt { 1139 1140 1141 1142 1143 1144 1145 1146 }
############
# WASTELAND
############
# These are actually supposed to be Wasteland:
# Cannot be colored. Blocks unit movement, used for things like Sahara desert. 

impassable_mountains = LIST { 76 }

# IMPASSABLE SEA ZONES
# These sea provinces cannot be crossed/sailed

impassable_seas = LIST { 887 }

# UNUSED PROVINCES
# These provinces cause issues because they are passable land, but not part of any title.
# They are probably not visible anywhere on the map, so feel free to reuse them (after double checking that they are actually missing).

